// Jest Snapshot v1, https://goo.gl/fbAQLP

exports[`App Componenet it always renders the same markup 1`] = `
<div
  className="sc-bdnxRM iWCGnI"
  style={
    Object {
      "maxWidth": "700px",
    }
  }
>
  <div
    className="sc-bdnxRM iWCGnI"
  >
    <h4
      className="display"
    >
      
    </h4>
  </div>
  <div
    className="sc-bdnxRM iWCGnI"
  >
    <div>
      <button
        className="sc-eCApnc gsChNR"
        color="white"
        onClick={[Function]}
        type="submit"
      >
        AC
      </button>
      <button
        className="sc-jSFjdj eajors"
        color="white"
        onClick={[Function]}
        type="submit"
      >
        +/-
      </button>
      <button
        className="sc-gKAaRy jaNjmA"
        color="white"
        onClick={[Function]}
        type="submit"
      >
        %
      </button>
      <button
        className="sc-iCoGMd laCQWH"
        color="orange"
        onClick={[Function]}
        type="submit"
      >
        /
      </button>
    </div>
    <div>
      <button
        className="sc-fujyAs cRPXPR"
        color="white"
        onClick={[Function]}
        type="submit"
      >
        7
      </button>
      <button
        className="sc-pNWdM fQHWgf"
        color="white"
        onClick={[Function]}
        type="submit"
      >
        8
      </button>
      <button
        className="sc-jrsJWt kqmdox"
        color="white"
        onClick={[Function]}
        type="submit"
      >
        9
      </button>
      <button
        className="sc-kEqXSa djbGhZ"
        color="orange"
        onClick={[Function]}
        type="submit"
      >
        x
      </button>
    </div>
    <div>
      <button
        className="sc-iqAclL bLdGMp"
        color="white"
        onClick={[Function]}
        type="submit"
      >
        4
      </button>
      <button
        className="sc-crzoAE igWTtX"
        color="white"
        onClick={[Function]}
        type="submit"
      >
        5
      </button>
      <button
        className="sc-dIsUp cWQvyw"
        color="white"
        onClick={[Function]}
        type="submit"
      >
        6
      </button>
      <button
        className="sc-bqGGPW ezTzYg"
        color="orange"
        onClick={[Function]}
        type="submit"
      >
        -
      </button>
    </div>
    <div>
      <button
        className="sc-ksluID bjphtf"
        color="white"
        onClick={[Function]}
        type="submit"
      >
        1
      </button>
      <button
        className="sc-hBMUJo gZRyXw"
        color="white"
        onClick={[Function]}
        type="submit"
      >
        2
      </button>
      <button
        className="sc-fnVZcZ hZfcle"
        color="white"
        onClick={[Function]}
        type="submit"
      >
        3
      </button>
      <button
        className="sc-fFSPTT eWpmWj"
        color="orange"
        onClick={[Function]}
        type="submit"
      >
        +
      </button>
    </div>
    <div>
      <button
        className="sc-bkbkJK kKBwOE"
        color="white"
        onClick={[Function]}
        type="submit"
      >
        0
      </button>
      <button
        className="sc-iemWCZ gEJsec"
        color="white"
        onClick={[Function]}
        type="submit"
      >
        .
      </button>
      <button
        className="sc-dIvrsQ gXPjxL"
        color="orange"
        onClick={[Function]}
        type="submit"
      >
        =
      </button>
    </div>
  </div>
</div>
`;
